// Vitest Snapshot v1, https://vitest.dev/guide/snapshot.html

exports[`minimal > uminimalThreeNode.ts 1`] = `
[
  {
    "args": [
      0,
      0,
      800,
      800,
    ],
    "kind": "method",
    "name": "clearRect",
  },
  {
    "args": [
      0,
      0,
      800,
      800,
    ],
    "kind": "method",
    "name": "clearRect",
  },
  {
    "args": [],
    "kind": "method",
    "name": "beginPath",
  },
  {
    "args": [
      439.9978067746205,
      399.5811286353502,
      100,
      0,
      6.283185307179586,
    ],
    "kind": "method",
    "name": "arc",
  },
  {
    "args": [],
    "kind": "method",
    "name": "stroke",
  },
  {
    "args": [
      0,
      0,
      800,
      800,
    ],
    "kind": "method",
    "name": "clearRect",
  },
  {
    "args": [],
    "kind": "method",
    "name": "beginPath",
  },
  {
    "args": [
      439.9912273389938,
      399.16230320466576,
      100,
      0,
      6.283185307179586,
    ],
    "kind": "method",
    "name": "arc",
  },
  {
    "args": [],
    "kind": "method",
    "name": "stroke",
  },
  {
    "args": [
      0,
      0,
      800,
      800,
    ],
    "kind": "method",
    "name": "clearRect",
  },
  {
    "args": [],
    "kind": "method",
    "name": "beginPath",
  },
  {
    "args": [
      439.9802624146293,
      398.7435696368749,
      100,
      0,
      6.283185307179586,
    ],
    "kind": "method",
    "name": "arc",
  },
  {
    "args": [],
    "kind": "method",
    "name": "stroke",
  },
]
`;

exports[`minimal > uminimalThreeNode.ts 2`] = `
[
  {
    "args": [
      0,
      0,
      800,
      800,
    ],
    "kind": "method",
    "name": "clearRect",
  },
]
`;
