// Vitest Snapshot v1, https://vitest.dev/guide/snapshot.html

exports[`connectDotsNodeDef > does nothing with less than 2 points 1`] = `[]`;

exports[`connectDotsNodeDef > draws lines between consecutive points 1`] = `
[
  {
    "args": [],
    "kind": "method",
    "name": "beginPath",
  },
  {
    "args": [
      0,
      0,
    ],
    "kind": "method",
    "name": "moveTo",
  },
  {
    "args": [
      10,
      10,
    ],
    "kind": "method",
    "name": "lineTo",
  },
  {
    "args": [],
    "kind": "method",
    "name": "stroke",
  },
  {
    "args": [],
    "kind": "method",
    "name": "beginPath",
  },
  {
    "args": [
      10,
      10,
    ],
    "kind": "method",
    "name": "moveTo",
  },
  {
    "args": [
      20,
      0,
    ],
    "kind": "method",
    "name": "lineTo",
  },
  {
    "args": [],
    "kind": "method",
    "name": "stroke",
  },
]
`;

exports[`connectDotsNodeDef does nothing with less than 2 points 1`] = `[]`;

exports[`connectDotsNodeDef draws lines between consecutive points 1`] = `
[
  {
    "args": [],
    "kind": "method",
    "name": "beginPath",
  },
  {
    "args": [
      0,
      0,
    ],
    "kind": "method",
    "name": "moveTo",
  },
  {
    "args": [
      10,
      10,
    ],
    "kind": "method",
    "name": "lineTo",
  },
  {
    "args": [],
    "kind": "method",
    "name": "stroke",
  },
  {
    "args": [],
    "kind": "method",
    "name": "beginPath",
  },
  {
    "args": [
      10,
      10,
    ],
    "kind": "method",
    "name": "moveTo",
  },
  {
    "args": [
      20,
      0,
    ],
    "kind": "method",
    "name": "lineTo",
  },
  {
    "args": [],
    "kind": "method",
    "name": "stroke",
  },
]
`;
