// Vitest Snapshot v1, https://vitest.dev/guide/snapshot.html

exports[`GraphEngine snapshot > renders deterministically across ticks 1`] = `
[
  {
    "args": [
      0,
      0,
      800,
      800,
    ],
    "kind": "method",
    "name": "clearRect",
  },
  {
    "args": [
      0,
      0,
      800,
      800,
    ],
    "kind": "method",
    "name": "clearRect",
  },
  {
    "args": [],
    "kind": "method",
    "name": "beginPath",
  },
  {
    "args": [
      719.9997368106456,
      199.7486727714537,
      8,
      0,
      6.283185307179586,
    ],
    "kind": "method",
    "name": "arc",
  },
  {
    "args": [],
    "kind": "method",
    "name": "stroke",
  },
  {
    "args": [
      0,
      0,
      800,
      800,
    ],
    "kind": "method",
    "name": "clearRect",
  },
  {
    "args": [],
    "kind": "method",
    "name": "beginPath",
  },
  {
    "args": [
      719.9989472437366,
      199.49734664535157,
      8,
      0,
      6.283185307179586,
    ],
    "kind": "method",
    "name": "arc",
  },
  {
    "args": [],
    "kind": "method",
    "name": "stroke",
  },
  {
    "args": [
      0,
      0,
      800,
      800,
    ],
    "kind": "method",
    "name": "clearRect",
  },
  {
    "args": [],
    "kind": "method",
    "name": "beginPath",
  },
  {
    "args": [
      719.9976313027364,
      199.24602272413293,
      8,
      0,
      6.283185307179586,
    ],
    "kind": "method",
    "name": "arc",
  },
  {
    "args": [],
    "kind": "method",
    "name": "stroke",
  },
]
`;

exports[`GraphEngine snapshot > renders deterministically across ticks 2`] = `
[
  {
    "args": [
      0,
      0,
      800,
      800,
    ],
    "kind": "method",
    "name": "clearRect",
  },
  {
    "args": [],
    "kind": "method",
    "name": "beginPath",
  },
  {
    "args": [
      719.9997368106456,
      199.7486727714537,
      6,
      0,
      6.283185307179586,
    ],
    "kind": "method",
    "name": "arc",
  },
  {
    "args": [],
    "kind": "method",
    "name": "stroke",
  },
  {
    "args": [],
    "kind": "method",
    "name": "beginPath",
  },
  {
    "args": [
      719.9989472437366,
      199.49734664535157,
      6,
      0,
      6.283185307179586,
    ],
    "kind": "method",
    "name": "arc",
  },
  {
    "args": [],
    "kind": "method",
    "name": "stroke",
  },
  {
    "args": [],
    "kind": "method",
    "name": "beginPath",
  },
  {
    "args": [
      719.9976313027364,
      199.24602272413293,
      6,
      0,
      6.283185307179586,
    ],
    "kind": "method",
    "name": "arc",
  },
  {
    "args": [],
    "kind": "method",
    "name": "stroke",
  },
]
`;

exports[`GraphEngine snapshot > renders deterministically across ticks 3`] = `
[
  {
    "args": [
      0,
      0,
      800,
      800,
    ],
    "kind": "method",
    "name": "clearRect",
  },
  {
    "args": [
      0,
      0,
      800,
      800,
    ],
    "kind": "method",
    "name": "clearRect",
  },
  {
    "args": [],
    "kind": "method",
    "name": "beginPath",
  },
  {
    "args": [
      271.9996446945338,
      199.77380570101673,
      6,
      0,
      6.283185307179586,
    ],
    "kind": "method",
    "name": "arc",
  },
  {
    "args": [],
    "kind": "method",
    "name": "stroke",
  },
  {
    "args": [],
    "kind": "method",
    "name": "beginPath",
  },
  {
    "args": [
      671.9990130418147,
      199.62301060413782,
      6,
      0,
      6.283185307179586,
    ],
    "kind": "method",
    "name": "arc",
  },
  {
    "args": [],
    "kind": "method",
    "name": "stroke",
  },
  {
    "args": [],
    "kind": "method",
    "name": "beginPath",
  },
  {
    "args": [
      271.99806556619956,
      599.4722171609188,
      6,
      0,
      6.283185307179586,
    ],
    "kind": "method",
    "name": "arc",
  },
  {
    "args": [],
    "kind": "method",
    "name": "stroke",
  },
  {
    "args": [],
    "kind": "method",
    "name": "beginPath",
  },
  {
    "args": [
      671.9993683462419,
      599.6984079872109,
      6,
      0,
      6.283185307179586,
    ],
    "kind": "method",
    "name": "arc",
  },
  {
    "args": [],
    "kind": "method",
    "name": "stroke",
  },
  {
    "args": [
      271.9996446945338,
      199.77380570101673,
      671.9990130418147,
      199.62301060413782,
    ],
    "kind": "method",
    "name": "createLinearGradient",
  },
  {
    "args": [
      0,
      "rgba(51, 153, 255, 0.7)",
    ],
    "kind": "method",
    "name": "gradient.addColorStop",
  },
  {
    "args": [
      1,
      "rgba(255, 76.5, 178.5, 0.7)",
    ],
    "kind": "method",
    "name": "gradient.addColorStop",
  },
  {
    "args": [],
    "kind": "method",
    "name": "beginPath",
  },
  {
    "args": [
      271.9996446945338,
      199.77380570101673,
    ],
    "kind": "method",
    "name": "moveTo",
  },
  {
    "args": [
      671.9990130418147,
      199.62301060413782,
    ],
    "kind": "method",
    "name": "lineTo",
  },
  {
    "args": [],
    "kind": "method",
    "name": "stroke",
  },
  {
    "args": [
      271.99806556619956,
      599.4722171609188,
      671.9993683462419,
      599.6984079872109,
    ],
    "kind": "method",
    "name": "createLinearGradient",
  },
  {
    "args": [
      0,
      "rgba(51, 153, 255, 0.7)",
    ],
    "kind": "method",
    "name": "gradient.addColorStop",
  },
  {
    "args": [
      1,
      "rgba(255, 76.5, 178.5, 0.7)",
    ],
    "kind": "method",
    "name": "gradient.addColorStop",
  },
  {
    "args": [],
    "kind": "method",
    "name": "beginPath",
  },
  {
    "args": [
      271.99806556619956,
      599.4722171609188,
    ],
    "kind": "method",
    "name": "moveTo",
  },
  {
    "args": [
      671.9993683462419,
      599.6984079872109,
    ],
    "kind": "method",
    "name": "lineTo",
  },
  {
    "args": [],
    "kind": "method",
    "name": "stroke",
  },
  {
    "args": [
      0,
      0,
      800,
      800,
    ],
    "kind": "method",
    "name": "clearRect",
  },
  {
    "args": [],
    "kind": "method",
    "name": "beginPath",
  },
  {
    "args": [
      271.99857878164187,
      199.54761363447977,
      6,
      0,
      6.283185307179586,
    ],
    "kind": "method",
    "name": "arc",
  },
  {
    "args": [],
    "kind": "method",
    "name": "stroke",
  },
  {
    "args": [],
    "kind": "method",
    "name": "beginPath",
  },
  {
    "args": [
      671.9960521943168,
      199.24603154363032,
      6,
      0,
      6.283185307179586,
    ],
    "kind": "method",
    "name": "arc",
  },
  {
    "args": [],
    "kind": "method",
    "name": "stroke",
  },
  {
    "args": [],
    "kind": "method",
    "name": "beginPath",
  },
  {
    "args": [
      271.99226236874364,
      598.9444626818644,
      6,
      0,
      6.283185307179586,
    ],
    "kind": "method",
    "name": "arc",
  },
  {
    "args": [],
    "kind": "method",
    "name": "stroke",
  },
  {
    "args": [],
    "kind": "method",
    "name": "beginPath",
  },
  {
    "args": [
      671.9974733960506,
      599.3968212661365,
      6,
      0,
      6.283185307179586,
    ],
    "kind": "method",
    "name": "arc",
  },
  {
    "args": [],
    "kind": "method",
    "name": "stroke",
  },
  {
    "args": [
      271.99857878164187,
      199.54761363447977,
      671.9960521943168,
      199.24603154363032,
    ],
    "kind": "method",
    "name": "createLinearGradient",
  },
  {
    "args": [
      0,
      "rgba(51, 153, 255, 0.7)",
    ],
    "kind": "method",
    "name": "gradient.addColorStop",
  },
  {
    "args": [
      1,
      "rgba(255, 76.5, 178.5, 0.7)",
    ],
    "kind": "method",
    "name": "gradient.addColorStop",
  },
  {
    "args": [],
    "kind": "method",
    "name": "beginPath",
  },
  {
    "args": [
      271.99857878164187,
      199.54761363447977,
    ],
    "kind": "method",
    "name": "moveTo",
  },
  {
    "args": [
      671.9960521943168,
      199.24603154363032,
    ],
    "kind": "method",
    "name": "lineTo",
  },
  {
    "args": [],
    "kind": "method",
    "name": "stroke",
  },
  {
    "args": [
      271.99226236874364,
      598.9444626818644,
      671.9974733960506,
      599.3968212661365,
    ],
    "kind": "method",
    "name": "createLinearGradient",
  },
  {
    "args": [
      0,
      "rgba(51, 153, 255, 0.7)",
    ],
    "kind": "method",
    "name": "gradient.addColorStop",
  },
  {
    "args": [
      1,
      "rgba(255, 76.5, 178.5, 0.7)",
    ],
    "kind": "method",
    "name": "gradient.addColorStop",
  },
  {
    "args": [],
    "kind": "method",
    "name": "beginPath",
  },
  {
    "args": [
      271.99226236874364,
      598.9444626818644,
    ],
    "kind": "method",
    "name": "moveTo",
  },
  {
    "args": [
      671.9974733960506,
      599.3968212661365,
    ],
    "kind": "method",
    "name": "lineTo",
  },
  {
    "args": [],
    "kind": "method",
    "name": "stroke",
  },
  {
    "args": [
      0,
      0,
      800,
      800,
    ],
    "kind": "method",
    "name": "clearRect",
  },
  {
    "args": [],
    "kind": "method",
    "name": "beginPath",
  },
  {
    "args": [
      271.9968022718444,
      199.3214260328136,
      6,
      0,
      6.283185307179586,
    ],
    "kind": "method",
    "name": "arc",
  },
  {
    "args": [],
    "kind": "method",
    "name": "stroke",
  },
  {
    "args": [],
    "kind": "method",
    "name": "beginPath",
  },
  {
    "args": [
      671.9911175386795,
      198.86907315354892,
      6,
      0,
      6.283185307179586,
    ],
    "kind": "method",
    "name": "arc",
  },
  {
    "args": [],
    "kind": "method",
    "name": "stroke",
  },
  {
    "args": [],
    "kind": "method",
    "name": "beginPath",
  },
  {
    "args": [
      271.98259071946285,
      598.4167649213396,
      6,
      0,
      6.283185307179586,
    ],
    "kind": "method",
    "name": "arc",
  },
  {
    "args": [],
    "kind": "method",
    "name": "stroke",
  },
  {
    "args": [],
    "kind": "method",
    "name": "beginPath",
  },
  {
    "args": [
      671.9943151826748,
      599.0952451283986,
      6,
      0,
      6.283185307179586,
    ],
    "kind": "method",
    "name": "arc",
  },
  {
    "args": [],
    "kind": "method",
    "name": "stroke",
  },
  {
    "args": [
      271.9968022718444,
      199.3214260328136,
      671.9911175386795,
      198.86907315354892,
    ],
    "kind": "method",
    "name": "createLinearGradient",
  },
  {
    "args": [
      0,
      "rgba(51, 153, 255, 0.7)",
    ],
    "kind": "method",
    "name": "gradient.addColorStop",
  },
  {
    "args": [
      1,
      "rgba(255, 76.5, 178.5, 0.7)",
    ],
    "kind": "method",
    "name": "gradient.addColorStop",
  },
  {
    "args": [],
    "kind": "method",
    "name": "beginPath",
  },
  {
    "args": [
      271.9968022718444,
      199.3214260328136,
    ],
    "kind": "method",
    "name": "moveTo",
  },
  {
    "args": [
      671.9911175386795,
      198.86907315354892,
    ],
    "kind": "method",
    "name": "lineTo",
  },
  {
    "args": [],
    "kind": "method",
    "name": "stroke",
  },
  {
    "args": [
      271.98259071946285,
      598.4167649213396,
      671.9943151826748,
      599.0952451283986,
    ],
    "kind": "method",
    "name": "createLinearGradient",
  },
  {
    "args": [
      0,
      "rgba(51, 153, 255, 0.7)",
    ],
    "kind": "method",
    "name": "gradient.addColorStop",
  },
  {
    "args": [
      1,
      "rgba(255, 76.5, 178.5, 0.7)",
    ],
    "kind": "method",
    "name": "gradient.addColorStop",
  },
  {
    "args": [],
    "kind": "method",
    "name": "beginPath",
  },
  {
    "args": [
      271.98259071946285,
      598.4167649213396,
    ],
    "kind": "method",
    "name": "moveTo",
  },
  {
    "args": [
      671.9943151826748,
      599.0952451283986,
    ],
    "kind": "method",
    "name": "lineTo",
  },
  {
    "args": [],
    "kind": "method",
    "name": "stroke",
  },
]
`;

exports[`GraphEngine snapshot > renders deterministically across ticks 4`] = `
[
  {
    "args": [
      0,
      0,
      800,
      800,
    ],
    "kind": "method",
    "name": "clearRect",
  },
  {
    "args": [
      NaN,
      NaN,
      NaN,
      NaN,
    ],
    "kind": "method",
    "name": "createLinearGradient",
  },
  {
    "args": [
      0,
      "rgba(NaN, NaN, NaN, undefined)",
    ],
    "kind": "method",
    "name": "gradient.addColorStop",
  },
  {
    "args": [
      1,
      "rgba(NaN, NaN, NaN, undefined)",
    ],
    "kind": "method",
    "name": "gradient.addColorStop",
  },
  {
    "args": [],
    "kind": "method",
    "name": "beginPath",
  },
  {
    "args": [
      NaN,
      NaN,
    ],
    "kind": "method",
    "name": "moveTo",
  },
  {
    "args": [
      NaN,
      NaN,
    ],
    "kind": "method",
    "name": "lineTo",
  },
  {
    "args": [],
    "kind": "method",
    "name": "stroke",
  },
  {
    "args": [
      NaN,
      NaN,
      NaN,
      NaN,
    ],
    "kind": "method",
    "name": "createLinearGradient",
  },
  {
    "args": [
      0,
      "rgba(NaN, NaN, NaN, undefined)",
    ],
    "kind": "method",
    "name": "gradient.addColorStop",
  },
  {
    "args": [
      1,
      "rgba(NaN, NaN, NaN, undefined)",
    ],
    "kind": "method",
    "name": "gradient.addColorStop",
  },
  {
    "args": [],
    "kind": "method",
    "name": "beginPath",
  },
  {
    "args": [
      NaN,
      NaN,
    ],
    "kind": "method",
    "name": "moveTo",
  },
  {
    "args": [
      NaN,
      NaN,
    ],
    "kind": "method",
    "name": "lineTo",
  },
  {
    "args": [],
    "kind": "method",
    "name": "stroke",
  },
  {
    "args": [
      NaN,
      NaN,
      NaN,
      NaN,
    ],
    "kind": "method",
    "name": "createLinearGradient",
  },
  {
    "args": [
      0,
      "rgba(NaN, NaN, NaN, undefined)",
    ],
    "kind": "method",
    "name": "gradient.addColorStop",
  },
  {
    "args": [
      1,
      "rgba(NaN, NaN, NaN, undefined)",
    ],
    "kind": "method",
    "name": "gradient.addColorStop",
  },
  {
    "args": [],
    "kind": "method",
    "name": "beginPath",
  },
  {
    "args": [
      NaN,
      NaN,
    ],
    "kind": "method",
    "name": "moveTo",
  },
  {
    "args": [
      NaN,
      NaN,
    ],
    "kind": "method",
    "name": "lineTo",
  },
  {
    "args": [],
    "kind": "method",
    "name": "stroke",
  },
  {
    "args": [
      NaN,
      NaN,
      NaN,
      NaN,
    ],
    "kind": "method",
    "name": "createLinearGradient",
  },
  {
    "args": [
      0,
      "rgba(NaN, NaN, NaN, undefined)",
    ],
    "kind": "method",
    "name": "gradient.addColorStop",
  },
  {
    "args": [
      1,
      "rgba(NaN, NaN, NaN, undefined)",
    ],
    "kind": "method",
    "name": "gradient.addColorStop",
  },
  {
    "args": [],
    "kind": "method",
    "name": "beginPath",
  },
  {
    "args": [
      NaN,
      NaN,
    ],
    "kind": "method",
    "name": "moveTo",
  },
  {
    "args": [
      NaN,
      NaN,
    ],
    "kind": "method",
    "name": "lineTo",
  },
  {
    "args": [],
    "kind": "method",
    "name": "stroke",
  },
  {
    "args": [
      NaN,
      NaN,
      NaN,
      NaN,
    ],
    "kind": "method",
    "name": "createLinearGradient",
  },
  {
    "args": [
      0,
      "rgba(NaN, NaN, NaN, undefined)",
    ],
    "kind": "method",
    "name": "gradient.addColorStop",
  },
  {
    "args": [
      1,
      "rgba(NaN, NaN, NaN, undefined)",
    ],
    "kind": "method",
    "name": "gradient.addColorStop",
  },
  {
    "args": [],
    "kind": "method",
    "name": "beginPath",
  },
  {
    "args": [
      NaN,
      NaN,
    ],
    "kind": "method",
    "name": "moveTo",
  },
  {
    "args": [
      NaN,
      NaN,
    ],
    "kind": "method",
    "name": "lineTo",
  },
  {
    "args": [],
    "kind": "method",
    "name": "stroke",
  },
  {
    "args": [
      NaN,
      NaN,
      NaN,
      NaN,
    ],
    "kind": "method",
    "name": "createLinearGradient",
  },
  {
    "args": [
      0,
      "rgba(NaN, NaN, NaN, undefined)",
    ],
    "kind": "method",
    "name": "gradient.addColorStop",
  },
  {
    "args": [
      1,
      "rgba(NaN, NaN, NaN, undefined)",
    ],
    "kind": "method",
    "name": "gradient.addColorStop",
  },
  {
    "args": [],
    "kind": "method",
    "name": "beginPath",
  },
  {
    "args": [
      NaN,
      NaN,
    ],
    "kind": "method",
    "name": "moveTo",
  },
  {
    "args": [
      NaN,
      NaN,
    ],
    "kind": "method",
    "name": "lineTo",
  },
  {
    "args": [],
    "kind": "method",
    "name": "stroke",
  },
  {
    "args": [
      NaN,
      NaN,
      NaN,
      NaN,
    ],
    "kind": "method",
    "name": "createLinearGradient",
  },
  {
    "args": [
      0,
      "rgba(NaN, NaN, NaN, undefined)",
    ],
    "kind": "method",
    "name": "gradient.addColorStop",
  },
  {
    "args": [
      1,
      "rgba(NaN, NaN, NaN, undefined)",
    ],
    "kind": "method",
    "name": "gradient.addColorStop",
  },
  {
    "args": [],
    "kind": "method",
    "name": "beginPath",
  },
  {
    "args": [
      NaN,
      NaN,
    ],
    "kind": "method",
    "name": "moveTo",
  },
  {
    "args": [
      NaN,
      NaN,
    ],
    "kind": "method",
    "name": "lineTo",
  },
  {
    "args": [],
    "kind": "method",
    "name": "stroke",
  },
  {
    "args": [
      NaN,
      NaN,
      NaN,
      NaN,
    ],
    "kind": "method",
    "name": "createLinearGradient",
  },
  {
    "args": [
      0,
      "rgba(NaN, NaN, NaN, undefined)",
    ],
    "kind": "method",
    "name": "gradient.addColorStop",
  },
  {
    "args": [
      1,
      "rgba(NaN, NaN, NaN, undefined)",
    ],
    "kind": "method",
    "name": "gradient.addColorStop",
  },
  {
    "args": [],
    "kind": "method",
    "name": "beginPath",
  },
  {
    "args": [
      NaN,
      NaN,
    ],
    "kind": "method",
    "name": "moveTo",
  },
  {
    "args": [
      NaN,
      NaN,
    ],
    "kind": "method",
    "name": "lineTo",
  },
  {
    "args": [],
    "kind": "method",
    "name": "stroke",
  },
]
`;
