// Vitest Snapshot v1, https://vitest.dev/guide/snapshot.html

exports[`All production graphs > 'earth3Venus' runs without error 1`] = `
[
  {
    "args": [
      0,
      0,
      100,
      100,
    ],
    "kind": "method",
    "name": "clearRect",
  },
  {
    "args": [
      0,
      0,
      100,
      100,
    ],
    "kind": "method",
    "name": "clearRect",
  },
  {
    "args": [],
    "kind": "method",
    "name": "beginPath",
  },
  {
    "args": [
      50,
      50,
      30,
      0,
      6.283185307179586,
    ],
    "kind": "method",
    "name": "arc",
  },
  {
    "args": [],
    "kind": "method",
    "name": "stroke",
  },
  {
    "args": [],
    "kind": "method",
    "name": "beginPath",
  },
  {
    "args": [
      50,
      50,
      15,
      0,
      6.283185307179586,
    ],
    "kind": "method",
    "name": "arc",
  },
  {
    "args": [],
    "kind": "method",
    "name": "stroke",
  },
  {
    "args": [],
    "kind": "method",
    "name": "beginPath",
  },
  {
    "args": [
      104.99835508096535,
      24.68584647651262,
      0.75,
      0,
      6.283185307179586,
    ],
    "kind": "method",
    "name": "arc",
  },
  {
    "args": [],
    "kind": "method",
    "name": "stroke",
  },
  {
    "args": [],
    "kind": "method",
    "name": "beginPath",
  },
  {
    "args": [
      59.728757527488874,
      -0.8222608101183138,
      0.75,
      0,
      6.283185307179586,
    ],
    "kind": "method",
    "name": "arc",
  },
  {
    "args": [],
    "kind": "method",
    "name": "stroke",
  },
  {
    "args": [],
    "kind": "method",
    "name": "beginPath",
  },
  {
    "args": [
      60.27288739154577,
      51.13641433360567,
      0.75,
      0,
      6.283185307179586,
    ],
    "kind": "method",
    "name": "arc",
  },
  {
    "args": [],
    "kind": "method",
    "name": "stroke",
  },
  {
    "args": [],
    "kind": "method",
    "name": "beginPath",
  },
  {
    "args": [
      89.99564935972136,
      24.638751774691436,
      0.75,
      0,
      6.283185307179586,
    ],
    "kind": "method",
    "name": "arc",
  },
  {
    "args": [],
    "kind": "method",
    "name": "stroke",
  },
  {
    "args": [
      0,
      0,
      100,
      100,
    ],
    "kind": "method",
    "name": "clearRect",
  },
  {
    "args": [],
    "kind": "method",
    "name": "beginPath",
  },
  {
    "args": [
      50,
      50,
      30,
      0,
      6.283185307179586,
    ],
    "kind": "method",
    "name": "arc",
  },
  {
    "args": [],
    "kind": "method",
    "name": "stroke",
  },
  {
    "args": [],
    "kind": "method",
    "name": "beginPath",
  },
  {
    "args": [
      50,
      50,
      15,
      0,
      6.283185307179586,
    ],
    "kind": "method",
    "name": "arc",
  },
  {
    "args": [],
    "kind": "method",
    "name": "stroke",
  },
  {
    "args": [],
    "kind": "method",
    "name": "beginPath",
  },
  {
    "args": [
      104.99342050424536,
      24.37172740349929,
      0.75,
      0,
      6.283185307179586,
    ],
    "kind": "method",
    "name": "arc",
  },
  {
    "args": [],
    "kind": "method",
    "name": "stroke",
  },
  {
    "args": [],
    "kind": "method",
    "name": "beginPath",
  },
  {
    "args": [
      59.4591897188061,
      -0.6609278048151923,
      0.75,
      0,
      6.283185307179586,
    ],
    "kind": "method",
    "name": "arc",
  },
  {
    "args": [],
    "kind": "method",
    "name": "stroke",
  },
  {
    "args": [],
    "kind": "method",
    "name": "beginPath",
  },
  {
    "args": [
      60.54738977694851,
      51.289200401315895,
      0.75,
      0,
      6.283185307179586,
    ],
    "kind": "method",
    "name": "arc",
  },
  {
    "args": [],
    "kind": "method",
    "name": "stroke",
  },
  {
    "args": [],
    "kind": "method",
    "name": "beginPath",
  },
  {
    "args": [
      89.98259996262819,
      24.277713104193488,
      0.75,
      0,
      6.283185307179586,
    ],
    "kind": "method",
    "name": "arc",
  },
  {
    "args": [],
    "kind": "method",
    "name": "stroke",
  },
  {
    "args": [
      0,
      0,
      100,
      100,
    ],
    "kind": "method",
    "name": "clearRect",
  },
  {
    "args": [],
    "kind": "method",
    "name": "beginPath",
  },
  {
    "args": [
      50,
      50,
      30,
      0,
      6.283185307179586,
    ],
    "kind": "method",
    "name": "arc",
  },
  {
    "args": [],
    "kind": "method",
    "name": "stroke",
  },
  {
    "args": [],
    "kind": "method",
    "name": "beginPath",
  },
  {
    "args": [
      50,
      50,
      15,
      0,
      6.283185307179586,
    ],
    "kind": "method",
    "name": "arc",
  },
  {
    "args": [],
    "kind": "method",
    "name": "stroke",
  },
  {
    "args": [],
    "kind": "method",
    "name": "beginPath",
  },
  {
    "args": [
      104.98519681097194,
      24.05767722765615,
      0.75,
      0,
      6.283185307179586,
    ],
    "kind": "method",
    "name": "arc",
  },
  {
    "args": [],
    "kind": "method",
    "name": "stroke",
  },
  {
    "args": [],
    "kind": "method",
    "name": "beginPath",
  },
  {
    "args": [
      59.191326135099686,
      -0.49678078960591066,
      0.75,
      0,
      6.283185307179586,
    ],
    "kind": "method",
    "name": "arc",
  },
  {
    "args": [],
    "kind": "method",
    "name": "stroke",
  },
  {
    "args": [],
    "kind": "method",
    "name": "beginPath",
  },
  {
    "args": [
      60.823477053928364,
      51.439103561949764,
      0.75,
      0,
      6.283185307179586,
    ],
    "kind": "method",
    "name": "arc",
  },
  {
    "args": [],
    "kind": "method",
    "name": "stroke",
  },
  {
    "args": [],
    "kind": "method",
    "name": "beginPath",
  },
  {
    "args": [
      89.96085937848486,
      23.917093421757095,
      0.75,
      0,
      6.283185307179586,
    ],
    "kind": "method",
    "name": "arc",
  },
  {
    "args": [],
    "kind": "method",
    "name": "stroke",
  },
]
`;

exports[`All production graphs > 'earth3Venus' runs without error 2`] = `
[
  {
    "args": [
      0,
      0,
      100,
      100,
    ],
    "kind": "method",
    "name": "clearRect",
  },
  {
    "args": [
      104.99835508096535,
      24.68584647651262,
      89.99564935972136,
      24.638751774691436,
    ],
    "kind": "method",
    "name": "createLinearGradient",
  },
  {
    "args": [
      0,
      "rgba(76.5, 153, 255, 0.9)",
    ],
    "kind": "method",
    "name": "gradient.addColorStop",
  },
  {
    "args": [
      1,
      "rgba(255, 178.5, 51, 0.9)",
    ],
    "kind": "method",
    "name": "gradient.addColorStop",
  },
  {
    "args": [],
    "kind": "method",
    "name": "beginPath",
  },
  {
    "args": [
      104.99835508096535,
      24.68584647651262,
    ],
    "kind": "method",
    "name": "moveTo",
  },
  {
    "args": [
      89.99564935972136,
      24.638751774691436,
    ],
    "kind": "method",
    "name": "lineTo",
  },
  {
    "args": [],
    "kind": "method",
    "name": "stroke",
  },
  {
    "args": [
      59.728757527488874,
      -0.8222608101183138,
      89.99564935972136,
      24.638751774691436,
    ],
    "kind": "method",
    "name": "createLinearGradient",
  },
  {
    "args": [
      0,
      "rgba(76.5, 153, 255, 0.9)",
    ],
    "kind": "method",
    "name": "gradient.addColorStop",
  },
  {
    "args": [
      1,
      "rgba(255, 178.5, 51, 0.9)",
    ],
    "kind": "method",
    "name": "gradient.addColorStop",
  },
  {
    "args": [],
    "kind": "method",
    "name": "beginPath",
  },
  {
    "args": [
      59.728757527488874,
      -0.8222608101183138,
    ],
    "kind": "method",
    "name": "moveTo",
  },
  {
    "args": [
      89.99564935972136,
      24.638751774691436,
    ],
    "kind": "method",
    "name": "lineTo",
  },
  {
    "args": [],
    "kind": "method",
    "name": "stroke",
  },
  {
    "args": [
      60.27288739154577,
      51.13641433360567,
      89.99564935972136,
      24.638751774691436,
    ],
    "kind": "method",
    "name": "createLinearGradient",
  },
  {
    "args": [
      0,
      "rgba(76.5, 153, 255, 0.9)",
    ],
    "kind": "method",
    "name": "gradient.addColorStop",
  },
  {
    "args": [
      1,
      "rgba(255, 178.5, 51, 0.9)",
    ],
    "kind": "method",
    "name": "gradient.addColorStop",
  },
  {
    "args": [],
    "kind": "method",
    "name": "beginPath",
  },
  {
    "args": [
      60.27288739154577,
      51.13641433360567,
    ],
    "kind": "method",
    "name": "moveTo",
  },
  {
    "args": [
      89.99564935972136,
      24.638751774691436,
    ],
    "kind": "method",
    "name": "lineTo",
  },
  {
    "args": [],
    "kind": "method",
    "name": "stroke",
  },
]
`;

exports[`All production graphs > 'earthVenus' runs without error 1`] = `
[
  {
    "args": [
      0,
      0,
      100,
      100,
    ],
    "kind": "method",
    "name": "clearRect",
  },
  {
    "args": [
      0,
      0,
      100,
      100,
    ],
    "kind": "method",
    "name": "clearRect",
  },
  {
    "args": [],
    "kind": "method",
    "name": "beginPath",
  },
  {
    "args": [
      84.9999780675538,
      24.979056064287807,
      1,
      0,
      6.283185307179586,
    ],
    "kind": "method",
    "name": "arc",
  },
  {
    "args": [],
    "kind": "method",
    "name": "stroke",
  },
  {
    "args": [],
    "kind": "method",
    "name": "beginPath",
  },
  {
    "args": [
      91.14990761437578,
      24.945373567503836,
      1,
      0,
      6.283185307179586,
    ],
    "kind": "method",
    "name": "arc",
  },
  {
    "args": [],
    "kind": "method",
    "name": "stroke",
  },
  {
    "args": [
      0,
      0,
      100,
      100,
    ],
    "kind": "method",
    "name": "clearRect",
  },
  {
    "args": [],
    "kind": "method",
    "name": "beginPath",
  },
  {
    "args": [
      84.99991227031138,
      24.958112220445962,
      1,
      0,
      6.283185307179586,
    ],
    "kind": "method",
    "name": "arc",
  },
  {
    "args": [],
    "kind": "method",
    "name": "stroke",
  },
  {
    "args": [],
    "kind": "method",
    "name": "beginPath",
  },
  {
    "args": [
      91.1496304585601,
      24.890747759985633,
      1,
      0,
      6.283185307179586,
    ],
    "kind": "method",
    "name": "arc",
  },
  {
    "args": [],
    "kind": "method",
    "name": "stroke",
  },
  {
    "args": [
      0,
      0,
      100,
      100,
    ],
    "kind": "method",
    "name": "clearRect",
  },
  {
    "args": [],
    "kind": "method",
    "name": "beginPath",
  },
  {
    "args": [
      84.99980260856137,
      24.937168560344404,
      1,
      0,
      6.283185307179586,
    ],
    "kind": "method",
    "name": "arc",
  },
  {
    "args": [],
    "kind": "method",
    "name": "stroke",
  },
  {
    "args": [],
    "kind": "method",
    "name": "beginPath",
  },
  {
    "args": [
      91.14916853572387,
      24.836123202416218,
      1,
      0,
      6.283185307179586,
    ],
    "kind": "method",
    "name": "arc",
  },
  {
    "args": [],
    "kind": "method",
    "name": "stroke",
  },
]
`;

exports[`All production graphs > 'earthVenus' runs without error 2`] = `
[
  {
    "args": [
      0,
      0,
      100,
      100,
    ],
    "kind": "method",
    "name": "clearRect",
  },
  {
    "args": [],
    "kind": "method",
    "name": "beginPath",
  },
  {
    "args": [
      84.9999780675538,
      24.979056064287807,
      0.75,
      0,
      6.283185307179586,
    ],
    "kind": "method",
    "name": "arc",
  },
  {
    "args": [],
    "kind": "method",
    "name": "stroke",
  },
  {
    "args": [],
    "kind": "method",
    "name": "beginPath",
  },
  {
    "args": [
      91.14990761437578,
      24.945373567503836,
      0.75,
      0,
      6.283185307179586,
    ],
    "kind": "method",
    "name": "arc",
  },
  {
    "args": [],
    "kind": "method",
    "name": "stroke",
  },
  {
    "args": [
      84.9999780675538,
      24.979056064287807,
      91.14990761437578,
      24.945373567503836,
    ],
    "kind": "method",
    "name": "createLinearGradient",
  },
  {
    "args": [
      0,
      "rgba(76.5, 178.5, 255, 0.8)",
    ],
    "kind": "method",
    "name": "gradient.addColorStop",
  },
  {
    "args": [
      1,
      "rgba(255, 204, 51, 0.8)",
    ],
    "kind": "method",
    "name": "gradient.addColorStop",
  },
  {
    "args": [],
    "kind": "method",
    "name": "beginPath",
  },
  {
    "args": [
      84.9999780675538,
      24.979056064287807,
    ],
    "kind": "method",
    "name": "moveTo",
  },
  {
    "args": [
      91.14990761437578,
      24.945373567503836,
    ],
    "kind": "method",
    "name": "lineTo",
  },
  {
    "args": [],
    "kind": "method",
    "name": "stroke",
  },
  {
    "args": [],
    "kind": "method",
    "name": "beginPath",
  },
  {
    "args": [
      84.99991227031138,
      24.958112220445962,
      0.75,
      0,
      6.283185307179586,
    ],
    "kind": "method",
    "name": "arc",
  },
  {
    "args": [],
    "kind": "method",
    "name": "stroke",
  },
  {
    "args": [],
    "kind": "method",
    "name": "beginPath",
  },
  {
    "args": [
      91.1496304585601,
      24.890747759985633,
      0.75,
      0,
      6.283185307179586,
    ],
    "kind": "method",
    "name": "arc",
  },
  {
    "args": [],
    "kind": "method",
    "name": "stroke",
  },
  {
    "args": [],
    "kind": "method",
    "name": "beginPath",
  },
  {
    "args": [
      84.99980260856137,
      24.937168560344404,
      0.75,
      0,
      6.283185307179586,
    ],
    "kind": "method",
    "name": "arc",
  },
  {
    "args": [],
    "kind": "method",
    "name": "stroke",
  },
  {
    "args": [],
    "kind": "method",
    "name": "beginPath",
  },
  {
    "args": [
      91.14916853572387,
      24.836123202416218,
      0.75,
      0,
      6.283185307179586,
    ],
    "kind": "method",
    "name": "arc",
  },
  {
    "args": [],
    "kind": "method",
    "name": "stroke",
  },
]
`;

exports[`All production graphs > 'monaLisa' runs without error 1`] = `
[
  {
    "args": [
      0,
      0,
      100,
      100,
    ],
    "kind": "method",
    "name": "clearRect",
  },
  {
    "args": [
      0,
      0,
      100,
      100,
    ],
    "kind": "method",
    "name": "clearRect",
  },
  {
    "args": [],
    "kind": "method",
    "name": "beginPath",
  },
  {
    "args": [
      93.9996249562666,
      24.880620264654386,
      0.6,
      0,
      6.283185307179586,
    ],
    "kind": "method",
    "name": "arc",
  },
  {
    "args": [],
    "kind": "method",
    "name": "stroke",
  },
  {
    "args": [],
    "kind": "method",
    "name": "beginPath",
  },
  {
    "args": [
      46.24177161564006,
      43.78742434835933,
      0.44999999999999996,
      0,
      6.283185307179586,
    ],
    "kind": "method",
    "name": "arc",
  },
  {
    "args": [],
    "kind": "method",
    "name": "stroke",
  },
  {
    "args": [],
    "kind": "method",
    "name": "beginPath",
  },
  {
    "args": [
      59.24177161564007,
      43.78742434835933,
      0.44999999999999996,
      0,
      6.283185307179586,
    ],
    "kind": "method",
    "name": "arc",
  },
  {
    "args": [],
    "kind": "method",
    "name": "stroke",
  },
  {
    "args": [],
    "kind": "method",
    "name": "beginPath",
  },
  {
    "args": [
      47.59942433438359,
      54.95083228500298,
      0.35000000000000003,
      0,
      6.283185307179586,
    ],
    "kind": "method",
    "name": "arc",
  },
  {
    "args": [],
    "kind": "method",
    "name": "stroke",
  },
  {
    "args": [],
    "kind": "method",
    "name": "beginPath",
  },
  {
    "args": [
      56.59976978298491,
      54.96890565222618,
      0.35000000000000003,
      0,
      6.283185307179586,
    ],
    "kind": "method",
    "name": "arc",
  },
  {
    "args": [],
    "kind": "method",
    "name": "stroke",
  },
  {
    "args": [
      0,
      0,
      100,
      100,
    ],
    "kind": "method",
    "name": "clearRect",
  },
  {
    "args": [],
    "kind": "method",
    "name": "beginPath",
  },
  {
    "args": [
      93.99849983987251,
      24.7612452422163,
      0.6,
      0,
      6.283185307179586,
    ],
    "kind": "method",
    "name": "arc",
  },
  {
    "args": [],
    "kind": "method",
    "name": "stroke",
  },
  {
    "args": [],
    "kind": "method",
    "name": "beginPath",
  },
  {
    "args": [
      46.21713570351239,
      43.576120808840294,
      0.44999999999999996,
      0,
      6.283185307179586,
    ],
    "kind": "method",
    "name": "arc",
  },
  {
    "args": [],
    "kind": "method",
    "name": "stroke",
  },
  {
    "args": [],
    "kind": "method",
    "name": "beginPath",
  },
  {
    "args": [
      59.21713570351239,
      43.576120808840294,
      0.44999999999999996,
      0,
      6.283185307179586,
    ],
    "kind": "method",
    "name": "arc",
  },
  {
    "args": [],
    "kind": "method",
    "name": "stroke",
  },
  {
    "args": [],
    "kind": "method",
    "name": "beginPath",
  },
  {
    "args": [
      47.597697653144735,
      54.901691526351634,
      0.35000000000000003,
      0,
      6.283185307179586,
    ],
    "kind": "method",
    "name": "arc",
  },
  {
    "args": [],
    "kind": "method",
    "name": "stroke",
  },
  {
    "args": [],
    "kind": "method",
    "name": "beginPath",
  },
  {
    "args": [
      56.599079182415736,
      54.93781812202181,
      0.35000000000000003,
      0,
      6.283185307179586,
    ],
    "kind": "method",
    "name": "arc",
  },
  {
    "args": [],
    "kind": "method",
    "name": "stroke",
  },
  {
    "args": [
      0,
      0,
      100,
      100,
    ],
    "kind": "method",
    "name": "clearRect",
  },
  {
    "args": [],
    "kind": "method",
    "name": "beginPath",
  },
  {
    "args": [
      93.99662469523537,
      24.64187964540725,
      0.6,
      0,
      6.283185307179586,
    ],
    "kind": "method",
    "name": "arc",
  },
  {
    "args": [],
    "kind": "method",
    "name": "stroke",
  },
  {
    "args": [],
    "kind": "method",
    "name": "beginPath",
  },
  {
    "args": [
      46.17623969180174,
      43.367353880890015,
      0.44999999999999996,
      0,
      6.283185307179586,
    ],
    "kind": "method",
    "name": "arc",
  },
  {
    "args": [],
    "kind": "method",
    "name": "stroke",
  },
  {
    "args": [],
    "kind": "method",
    "name": "beginPath",
  },
  {
    "args": [
      59.17623969180175,
      43.367353880890015,
      0.44999999999999996,
      0,
      6.283185307179586,
    ],
    "kind": "method",
    "name": "arc",
  },
  {
    "args": [],
    "kind": "method",
    "name": "stroke",
  },
  {
    "args": [],
    "kind": "method",
    "name": "beginPath",
  },
  {
    "args": [
      47.59482090294156,
      54.852604665612745,
      0.35000000000000003,
      0,
      6.283185307179586,
    ],
    "kind": "method",
    "name": "arc",
  },
  {
    "args": [],
    "kind": "method",
    "name": "stroke",
  },
  {
    "args": [],
    "kind": "method",
    "name": "beginPath",
  },
  {
    "args": [
      56.597928349709605,
      54.906744225461566,
      0.35000000000000003,
      0,
      6.283185307179586,
    ],
    "kind": "method",
    "name": "arc",
  },
  {
    "args": [],
    "kind": "method",
    "name": "stroke",
  },
]
`;

exports[`All production graphs > 'monaLisa' runs without error 2`] = `
[
  {
    "args": [
      0,
      0,
      100,
      100,
    ],
    "kind": "method",
    "name": "clearRect",
  },
  {
    "args": [
      93.9996249562666,
      24.880620264654386,
      63.99799043563714,
      47.262800160600904,
    ],
    "kind": "method",
    "name": "createLinearGradient",
  },
  {
    "args": [
      0,
      "rgba(232.05, 193.8, 135.15, 0.18)",
    ],
    "kind": "method",
    "name": "gradient.addColorStop",
  },
  {
    "args": [
      1,
      "rgba(232.05, 193.8, 135.15, 0.18)",
    ],
    "kind": "method",
    "name": "gradient.addColorStop",
  },
  {
    "args": [],
    "kind": "method",
    "name": "beginPath",
  },
  {
    "args": [
      93.9996249562666,
      24.880620264654386,
    ],
    "kind": "method",
    "name": "moveTo",
  },
  {
    "args": [
      63.99799043563714,
      47.262800160600904,
    ],
    "kind": "method",
    "name": "lineTo",
  },
  {
    "args": [],
    "kind": "method",
    "name": "stroke",
  },
  {
    "args": [
      63.99799043563714,
      47.262800160600904,
      58.99635464914227,
      47.24386912162686,
    ],
    "kind": "method",
    "name": "createLinearGradient",
  },
  {
    "args": [
      0,
      "rgba(232.05, 193.8, 135.15, 0.18)",
    ],
    "kind": "method",
    "name": "gradient.addColorStop",
  },
  {
    "args": [
      1,
      "rgba(89.25, 56.1, 33.15, 0.22)",
    ],
    "kind": "method",
    "name": "gradient.addColorStop",
  },
  {
    "args": [],
    "kind": "method",
    "name": "beginPath",
  },
  {
    "args": [
      63.99799043563714,
      47.262800160600904,
    ],
    "kind": "method",
    "name": "moveTo",
  },
  {
    "args": [
      58.99635464914227,
      47.24386912162686,
    ],
    "kind": "method",
    "name": "lineTo",
  },
  {
    "args": [],
    "kind": "method",
    "name": "stroke",
  },
  {
    "args": [
      46.24177161564006,
      43.78742434835933,
      46.745366088638406,
      39.826509508284026,
    ],
    "kind": "method",
    "name": "createLinearGradient",
  },
  {
    "args": [
      0,
      "rgba(45.9, 35.7, 25.5, 0.85)",
    ],
    "kind": "method",
    "name": "gradient.addColorStop",
  },
  {
    "args": [
      1,
      "rgba(89.25, 56.1, 33.15, 0.22)",
    ],
    "kind": "method",
    "name": "gradient.addColorStop",
  },
  {
    "args": [],
    "kind": "method",
    "name": "beginPath",
  },
  {
    "args": [
      46.24177161564006,
      43.78742434835933,
    ],
    "kind": "method",
    "name": "moveTo",
  },
  {
    "args": [
      46.745366088638406,
      39.826509508284026,
    ],
    "kind": "method",
    "name": "lineTo",
  },
  {
    "args": [],
    "kind": "method",
    "name": "stroke",
  },
  {
    "args": [
      59.24177161564007,
      43.78742434835933,
      59.745366088638406,
      39.826509508284026,
    ],
    "kind": "method",
    "name": "createLinearGradient",
  },
  {
    "args": [
      0,
      "rgba(45.9, 35.7, 25.5, 0.85)",
    ],
    "kind": "method",
    "name": "gradient.addColorStop",
  },
  {
    "args": [
      1,
      "rgba(89.25, 56.1, 33.15, 0.22)",
    ],
    "kind": "method",
    "name": "gradient.addColorStop",
  },
  {
    "args": [],
    "kind": "method",
    "name": "beginPath",
  },
  {
    "args": [
      59.24177161564007,
      43.78742434835933,
    ],
    "kind": "method",
    "name": "moveTo",
  },
  {
    "args": [
      59.745366088638406,
      39.826509508284026,
    ],
    "kind": "method",
    "name": "lineTo",
  },
  {
    "args": [],
    "kind": "method",
    "name": "stroke",
  },
  {
    "args": [
      47.59942433438359,
      54.95083228500298,
      56.59976978298491,
      54.96890565222618,
    ],
    "kind": "method",
    "name": "createLinearGradient",
  },
  {
    "args": [
      0,
      "rgba(140.25, 71.4, 51, 0.55)",
    ],
    "kind": "method",
    "name": "gradient.addColorStop",
  },
  {
    "args": [
      1,
      "rgba(140.25, 71.4, 51, 0.55)",
    ],
    "kind": "method",
    "name": "gradient.addColorStop",
  },
  {
    "args": [],
    "kind": "method",
    "name": "beginPath",
  },
  {
    "args": [
      47.59942433438359,
      54.95083228500298,
    ],
    "kind": "method",
    "name": "moveTo",
  },
  {
    "args": [
      56.59976978298491,
      54.96890565222618,
    ],
    "kind": "method",
    "name": "lineTo",
  },
  {
    "args": [],
    "kind": "method",
    "name": "stroke",
  },
  {
    "args": [
      52.39856620756809,
      49.91705334297013,
      58.99635464914227,
      47.24386912162686,
    ],
    "kind": "method",
    "name": "createLinearGradient",
  },
  {
    "args": [
      0,
      "rgba(89.25, 56.1, 33.15, 0.22)",
    ],
    "kind": "method",
    "name": "gradient.addColorStop",
  },
  {
    "args": [
      1,
      "rgba(89.25, 56.1, 33.15, 0.22)",
    ],
    "kind": "method",
    "name": "gradient.addColorStop",
  },
  {
    "args": [],
    "kind": "method",
    "name": "beginPath",
  },
  {
    "args": [
      52.39856620756809,
      49.91705334297013,
    ],
    "kind": "method",
    "name": "moveTo",
  },
  {
    "args": [
      58.99635464914227,
      47.24386912162686,
    ],
    "kind": "method",
    "name": "lineTo",
  },
  {
    "args": [],
    "kind": "method",
    "name": "stroke",
  },
  {
    "args": [
      72.99981597313702,
      45.90799346853922,
      69.99963490360818,
      45.879154137937086,
    ],
    "kind": "method",
    "name": "createLinearGradient",
  },
  {
    "args": [
      0,
      "rgba(89.25, 56.1, 33.15, 0.22)",
    ],
    "kind": "method",
    "name": "gradient.addColorStop",
  },
  {
    "args": [
      1,
      "rgba(89.25, 56.1, 33.15, 0.22)",
    ],
    "kind": "method",
    "name": "gradient.addColorStop",
  },
  {
    "args": [],
    "kind": "method",
    "name": "beginPath",
  },
  {
    "args": [
      72.99981597313702,
      45.90799346853922,
    ],
    "kind": "method",
    "name": "moveTo",
  },
  {
    "args": [
      69.99963490360818,
      45.879154137937086,
    ],
    "kind": "method",
    "name": "lineTo",
  },
  {
    "args": [],
    "kind": "method",
    "name": "stroke",
  },
  {
    "args": [
      75.99992059929232,
      67.43574402366853,
      93.9996249562666,
      24.880620264654386,
    ],
    "kind": "method",
    "name": "createLinearGradient",
  },
  {
    "args": [
      0,
      "rgba(232.05, 193.8, 135.15, 0.18)",
    ],
    "kind": "method",
    "name": "gradient.addColorStop",
  },
  {
    "args": [
      1,
      "rgba(232.05, 193.8, 135.15, 0.18)",
    ],
    "kind": "method",
    "name": "gradient.addColorStop",
  },
  {
    "args": [],
    "kind": "method",
    "name": "beginPath",
  },
  {
    "args": [
      75.99992059929232,
      67.43574402366853,
    ],
    "kind": "method",
    "name": "moveTo",
  },
  {
    "args": [
      93.9996249562666,
      24.880620264654386,
    ],
    "kind": "method",
    "name": "lineTo",
  },
  {
    "args": [],
    "kind": "method",
    "name": "stroke",
  },
  {
    "args": [
      93.99849983987251,
      24.7612452422163,
      63.991962319455574,
      47.025668416679544,
    ],
    "kind": "method",
    "name": "createLinearGradient",
  },
  {
    "args": [
      0,
      "rgba(232.05, 193.8, 135.15, 0.18)",
    ],
    "kind": "method",
    "name": "gradient.addColorStop",
  },
  {
    "args": [
      1,
      "rgba(232.05, 193.8, 135.15, 0.18)",
    ],
    "kind": "method",
    "name": "gradient.addColorStop",
  },
  {
    "args": [],
    "kind": "method",
    "name": "beginPath",
  },
  {
    "args": [
      93.99849983987251,
      24.7612452422163,
    ],
    "kind": "method",
    "name": "moveTo",
  },
  {
    "args": [
      63.991962319455574,
      47.025668416679544,
    ],
    "kind": "method",
    "name": "lineTo",
  },
  {
    "args": [],
    "kind": "method",
    "name": "stroke",
  },
  {
    "args": [
      63.991962319455574,
      47.025668416679544,
      58.985421549587514,
      46.98794572923531,
    ],
    "kind": "method",
    "name": "createLinearGradient",
  },
  {
    "args": [
      0,
      "rgba(232.05, 193.8, 135.15, 0.18)",
    ],
    "kind": "method",
    "name": "gradient.addColorStop",
  },
  {
    "args": [
      1,
      "rgba(89.25, 56.1, 33.15, 0.22)",
    ],
    "kind": "method",
    "name": "gradient.addColorStop",
  },
  {
    "args": [],
    "kind": "method",
    "name": "beginPath",
  },
  {
    "args": [
      63.991962319455574,
      47.025668416679544,
    ],
    "kind": "method",
    "name": "moveTo",
  },
  {
    "args": [
      58.985421549587514,
      46.98794572923531,
    ],
    "kind": "method",
    "name": "lineTo",
  },
  {
    "args": [],
    "kind": "method",
    "name": "stroke",
  },
  {
    "args": [
      46.21713570351239,
      43.576120808840294,
      46.73147756879025,
      39.653513748605405,
    ],
    "kind": "method",
    "name": "createLinearGradient",
  },
  {
    "args": [
      0,
      "rgba(45.9, 35.7, 25.5, 0.85)",
    ],
    "kind": "method",
    "name": "gradient.addColorStop",
  },
  {
    "args": [
      1,
      "rgba(89.25, 56.1, 33.15, 0.22)",
    ],
    "kind": "method",
    "name": "gradient.addColorStop",
  },
  {
    "args": [],
    "kind": "method",
    "name": "beginPath",
  },
  {
    "args": [
      46.21713570351239,
      43.576120808840294,
    ],
    "kind": "method",
    "name": "moveTo",
  },
  {
    "args": [
      46.73147756879025,
      39.653513748605405,
    ],
    "kind": "method",
    "name": "lineTo",
  },
  {
    "args": [],
    "kind": "method",
    "name": "stroke",
  },
  {
    "args": [
      59.21713570351239,
      43.576120808840294,
      59.73147756879025,
      39.653513748605405,
    ],
    "kind": "method",
    "name": "createLinearGradient",
  },
  {
    "args": [
      0,
      "rgba(45.9, 35.7, 25.5, 0.85)",
    ],
    "kind": "method",
    "name": "gradient.addColorStop",
  },
  {
    "args": [
      1,
      "rgba(89.25, 56.1, 33.15, 0.22)",
    ],
    "kind": "method",
    "name": "gradient.addColorStop",
  },
  {
    "args": [],
    "kind": "method",
    "name": "beginPath",
  },
  {
    "args": [
      59.21713570351239,
      43.576120808840294,
    ],
    "kind": "method",
    "name": "moveTo",
  },
  {
    "args": [
      59.73147756879025,
      39.653513748605405,
    ],
    "kind": "method",
    "name": "lineTo",
  },
  {
    "args": [],
    "kind": "method",
    "name": "stroke",
  },
  {
    "args": [
      47.597697653144735,
      54.901691526351634,
      56.599079182415736,
      54.93781812202181,
    ],
    "kind": "method",
    "name": "createLinearGradient",
  },
  {
    "args": [
      0,
      "rgba(140.25, 71.4, 51, 0.55)",
    ],
    "kind": "method",
    "name": "gradient.addColorStop",
  },
  {
    "args": [
      1,
      "rgba(140.25, 71.4, 51, 0.55)",
    ],
    "kind": "method",
    "name": "gradient.addColorStop",
  },
  {
    "args": [],
    "kind": "method",
    "name": "beginPath",
  },
  {
    "args": [
      47.597697653144735,
      54.901691526351634,
    ],
    "kind": "method",
    "name": "moveTo",
  },
  {
    "args": [
      56.599079182415736,
      54.93781812202181,
    ],
    "kind": "method",
    "name": "lineTo",
  },
  {
    "args": [],
    "kind": "method",
    "name": "stroke",
  },
  {
    "args": [
      52.39426654340631,
      49.83420579284784,
      58.985421549587514,
      46.98794572923531,
    ],
    "kind": "method",
    "name": "createLinearGradient",
  },
  {
    "args": [
      0,
      "rgba(89.25, 56.1, 33.15, 0.22)",
    ],
    "kind": "method",
    "name": "gradient.addColorStop",
  },
  {
    "args": [
      1,
      "rgba(89.25, 56.1, 33.15, 0.22)",
    ],
    "kind": "method",
    "name": "gradient.addColorStop",
  },
  {
    "args": [],
    "kind": "method",
    "name": "beginPath",
  },
  {
    "args": [
      52.39426654340631,
      49.83420579284784,
    ],
    "kind": "method",
    "name": "moveTo",
  },
  {
    "args": [
      58.985421549587514,
      46.98794572923531,
    ],
    "kind": "method",
    "name": "lineTo",
  },
  {
    "args": [],
    "kind": "method",
    "name": "stroke",
  },
  {
    "args": [
      72.99926389549292,
      45.81598840939787,
      69.99853962776223,
      45.75831268791299,
    ],
    "kind": "method",
    "name": "createLinearGradient",
  },
  {
    "args": [
      0,
      "rgba(89.25, 56.1, 33.15, 0.22)",
    ],
    "kind": "method",
    "name": "gradient.addColorStop",
  },
  {
    "args": [
      1,
      "rgba(89.25, 56.1, 33.15, 0.22)",
    ],
    "kind": "method",
    "name": "gradient.addColorStop",
  },
  {
    "args": [],
    "kind": "method",
    "name": "beginPath",
  },
  {
    "args": [
      72.99926389549292,
      45.81598840939787,
    ],
    "kind": "method",
    "name": "moveTo",
  },
  {
    "args": [
      69.99853962776223,
      45.75831268791299,
    ],
    "kind": "method",
    "name": "lineTo",
  },
  {
    "args": [],
    "kind": "method",
    "name": "stroke",
  },
  {
    "args": [
      75.99968239765428,
      67.3714884397963,
      93.99849983987251,
      24.7612452422163,
    ],
    "kind": "method",
    "name": "createLinearGradient",
  },
  {
    "args": [
      0,
      "rgba(232.05, 193.8, 135.15, 0.18)",
    ],
    "kind": "method",
    "name": "gradient.addColorStop",
  },
  {
    "args": [
      1,
      "rgba(232.05, 193.8, 135.15, 0.18)",
    ],
    "kind": "method",
    "name": "gradient.addColorStop",
  },
  {
    "args": [],
    "kind": "method",
    "name": "beginPath",
  },
  {
    "args": [
      75.99968239765428,
      67.3714884397963,
    ],
    "kind": "method",
    "name": "moveTo",
  },
  {
    "args": [
      93.99849983987251,
      24.7612452422163,
    ],
    "kind": "method",
    "name": "lineTo",
  },
  {
    "args": [],
    "kind": "method",
    "name": "stroke",
  },
  {
    "args": [
      93.99662469523537,
      24.64187964540725,
      63.98191738201064,
      46.78867284416476,
    ],
    "kind": "method",
    "name": "createLinearGradient",
  },
  {
    "args": [
      0,
      "rgba(232.05, 193.8, 135.15, 0.18)",
    ],
    "kind": "method",
    "name": "gradient.addColorStop",
  },
  {
    "args": [
      1,
      "rgba(232.05, 193.8, 135.15, 0.18)",
    ],
    "kind": "method",
    "name": "gradient.addColorStop",
  },
  {
    "args": [],
    "kind": "method",
    "name": "beginPath",
  },
  {
    "args": [
      93.99662469523537,
      24.64187964540725,
    ],
    "kind": "method",
    "name": "moveTo",
  },
  {
    "args": [
      63.98191738201064,
      46.78867284416476,
    ],
    "kind": "method",
    "name": "lineTo",
  },
  {
    "args": [],
    "kind": "method",
    "name": "stroke",
  },
  {
    "args": [
      63.98191738201064,
      46.78867284416476,
      58.96720955799879,
      46.732437140727114,
    ],
    "kind": "method",
    "name": "createLinearGradient",
  },
  {
    "args": [
      0,
      "rgba(232.05, 193.8, 135.15, 0.18)",
    ],
    "kind": "method",
    "name": "gradient.addColorStop",
  },
  {
    "args": [
      1,
      "rgba(89.25, 56.1, 33.15, 0.22)",
    ],
    "kind": "method",
    "name": "gradient.addColorStop",
  },
  {
    "args": [],
    "kind": "method",
    "name": "beginPath",
  },
  {
    "args": [
      63.98191738201064,
      46.78867284416476,
    ],
    "kind": "method",
    "name": "moveTo",
  },
  {
    "args": [
      58.96720955799879,
      46.732437140727114,
    ],
    "kind": "method",
    "name": "lineTo",
  },
  {
    "args": [],
    "kind": "method",
    "name": "stroke",
  },
  {
    "args": [
      46.17623969180174,
      43.367353880890015,
      46.70837404548316,
      39.48150604220492,
    ],
    "kind": "method",
    "name": "createLinearGradient",
  },
  {
    "args": [
      0,
      "rgba(45.9, 35.7, 25.5, 0.85)",
    ],
    "kind": "method",
    "name": "gradient.addColorStop",
  },
  {
    "args": [
      1,
      "rgba(89.25, 56.1, 33.15, 0.22)",
    ],
    "kind": "method",
    "name": "gradient.addColorStop",
  },
  {
    "args": [],
    "kind": "method",
    "name": "beginPath",
  },
  {
    "args": [
      46.17623969180174,
      43.367353880890015,
    ],
    "kind": "method",
    "name": "moveTo",
  },
  {
    "args": [
      46.70837404548316,
      39.48150604220492,
    ],
    "kind": "method",
    "name": "lineTo",
  },
  {
    "args": [],
    "kind": "method",
    "name": "stroke",
  },
  {
    "args": [
      59.17623969180175,
      43.367353880890015,
      59.70837404548316,
      39.48150604220492,
    ],
    "kind": "method",
    "name": "createLinearGradient",
  },
  {
    "args": [
      0,
      "rgba(45.9, 35.7, 25.5, 0.85)",
    ],
    "kind": "method",
    "name": "gradient.addColorStop",
  },
  {
    "args": [
      1,
      "rgba(89.25, 56.1, 33.15, 0.22)",
    ],
    "kind": "method",
    "name": "gradient.addColorStop",
  },
  {
    "args": [],
    "kind": "method",
    "name": "beginPath",
  },
  {
    "args": [
      59.17623969180175,
      43.367353880890015,
    ],
    "kind": "method",
    "name": "moveTo",
  },
  {
    "args": [
      59.70837404548316,
      39.48150604220492,
    ],
    "kind": "method",
    "name": "lineTo",
  },
  {
    "args": [],
    "kind": "method",
    "name": "stroke",
  },
  {
    "args": [
      47.59482090294156,
      54.852604665612745,
      56.597928349709605,
      54.906744225461566,
    ],
    "kind": "method",
    "name": "createLinearGradient",
  },
  {
    "args": [
      0,
      "rgba(140.25, 71.4, 51, 0.55)",
    ],
    "kind": "method",
    "name": "gradient.addColorStop",
  },
  {
    "args": [
      1,
      "rgba(140.25, 71.4, 51, 0.55)",
    ],
    "kind": "method",
    "name": "gradient.addColorStop",
  },
  {
    "args": [],
    "kind": "method",
    "name": "beginPath",
  },
  {
    "args": [
      47.59482090294156,
      54.852604665612745,
    ],
    "kind": "method",
    "name": "moveTo",
  },
  {
    "args": [
      56.597928349709605,
      54.906744225461566,
    ],
    "kind": "method",
    "name": "lineTo",
  },
  {
    "args": [],
    "kind": "method",
    "name": "stroke",
  },
  {
    "args": [
      52.3871061448696,
      49.75155633812511,
      58.96720955799879,
      46.732437140727114,
    ],
    "kind": "method",
    "name": "createLinearGradient",
  },
  {
    "args": [
      0,
      "rgba(89.25, 56.1, 33.15, 0.22)",
    ],
    "kind": "method",
    "name": "gradient.addColorStop",
  },
  {
    "args": [
      1,
      "rgba(89.25, 56.1, 33.15, 0.22)",
    ],
    "kind": "method",
    "name": "gradient.addColorStop",
  },
  {
    "args": [],
    "kind": "method",
    "name": "beginPath",
  },
  {
    "args": [
      52.3871061448696,
      49.75155633812511,
    ],
    "kind": "method",
    "name": "moveTo",
  },
  {
    "args": [
      58.96720955799879,
      46.732437140727114,
    ],
    "kind": "method",
    "name": "lineTo",
  },
  {
    "args": [],
    "kind": "method",
    "name": "stroke",
  },
  {
    "args": [
      72.99834377590224,
      45.7239862948718,
      69.9967142124503,
      45.637480061805455,
    ],
    "kind": "method",
    "name": "createLinearGradient",
  },
  {
    "args": [
      0,
      "rgba(89.25, 56.1, 33.15, 0.22)",
    ],
    "kind": "method",
    "name": "gradient.addColorStop",
  },
  {
    "args": [
      1,
      "rgba(89.25, 56.1, 33.15, 0.22)",
    ],
    "kind": "method",
    "name": "gradient.addColorStop",
  },
  {
    "args": [],
    "kind": "method",
    "name": "beginPath",
  },
  {
    "args": [
      72.99834377590224,
      45.7239862948718,
    ],
    "kind": "method",
    "name": "moveTo",
  },
  {
    "args": [
      69.9967142124503,
      45.637480061805455,
    ],
    "kind": "method",
    "name": "lineTo",
  },
  {
    "args": [],
    "kind": "method",
    "name": "stroke",
  },
  {
    "args": [
      75.99928539654073,
      67.30723364084011,
      93.99662469523537,
      24.64187964540725,
    ],
    "kind": "method",
    "name": "createLinearGradient",
  },
  {
    "args": [
      0,
      "rgba(232.05, 193.8, 135.15, 0.18)",
    ],
    "kind": "method",
    "name": "gradient.addColorStop",
  },
  {
    "args": [
      1,
      "rgba(232.05, 193.8, 135.15, 0.18)",
    ],
    "kind": "method",
    "name": "gradient.addColorStop",
  },
  {
    "args": [],
    "kind": "method",
    "name": "beginPath",
  },
  {
    "args": [
      75.99928539654073,
      67.30723364084011,
    ],
    "kind": "method",
    "name": "moveTo",
  },
  {
    "args": [
      93.99662469523537,
      24.64187964540725,
    ],
    "kind": "method",
    "name": "lineTo",
  },
  {
    "args": [],
    "kind": "method",
    "name": "stroke",
  },
]
`;

exports[`All production graphs > 'threeOrbits' runs without error 1`] = `
[
  {
    "args": [
      0,
      0,
      100,
      100,
    ],
    "kind": "method",
    "name": "clearRect",
  },
  {
    "args": [
      0,
      0,
      100,
      100,
    ],
    "kind": "method",
    "name": "clearRect",
  },
  {
    "args": [],
    "kind": "method",
    "name": "beginPath",
  },
  {
    "args": [
      99.99978067577844,
      24.895280551114894,
      25,
      0,
      6.283185307179586,
    ],
    "kind": "method",
    "name": "arc",
  },
  {
    "args": [],
    "kind": "method",
    "name": "stroke",
  },
  {
    "args": [],
    "kind": "method",
    "name": "beginPath",
  },
  {
    "args": [
      99.99978067577844,
      24.895280551114894,
      1,
      0,
      6.283185307179586,
    ],
    "kind": "method",
    "name": "arc",
  },
  {
    "args": [],
    "kind": "method",
    "name": "stroke",
  },
  {
    "args": [],
    "kind": "method",
    "name": "beginPath",
  },
  {
    "args": [
      112.49879372832613,
      24.738205052572994,
      12.5,
      0,
      6.283185307179586,
    ],
    "kind": "method",
    "name": "arc",
  },
  {
    "args": [],
    "kind": "method",
    "name": "stroke",
  },
  {
    "args": [],
    "kind": "method",
    "name": "beginPath",
  },
  {
    "args": [
      112.49879372832613,
      24.738205052572994,
      0.8,
      0,
      6.283185307179586,
    ],
    "kind": "method",
    "name": "arc",
  },
  {
    "args": [],
    "kind": "method",
    "name": "stroke",
  },
  {
    "args": [],
    "kind": "method",
    "name": "beginPath",
  },
  {
    "args": [
      117.4963265301548,
      24.58115125718234,
      5,
      0,
      6.283185307179586,
    ],
    "kind": "method",
    "name": "arc",
  },
  {
    "args": [],
    "kind": "method",
    "name": "stroke",
  },
  {
    "args": [],
    "kind": "method",
    "name": "beginPath",
  },
  {
    "args": [
      117.4963265301548,
      24.58115125718234,
      0.6,
      0,
      6.283185307179586,
    ],
    "kind": "method",
    "name": "arc",
  },
  {
    "args": [],
    "kind": "method",
    "name": "stroke",
  },
  {
    "args": [
      0,
      0,
      100,
      100,
    ],
    "kind": "method",
    "name": "clearRect",
  },
  {
    "args": [],
    "kind": "method",
    "name": "beginPath",
  },
  {
    "args": [
      99.99912270696201,
      24.790562939630732,
      25,
      0,
      6.283185307179586,
    ],
    "kind": "method",
    "name": "arc",
  },
  {
    "args": [],
    "kind": "method",
    "name": "stroke",
  },
  {
    "args": [],
    "kind": "method",
    "name": "beginPath",
  },
  {
    "args": [
      99.99912270696201,
      24.790562939630732,
      1,
      0,
      6.283185307179586,
    ],
    "kind": "method",
    "name": "arc",
  },
  {
    "args": [],
    "kind": "method",
    "name": "stroke",
  },
  {
    "args": [],
    "kind": "method",
    "name": "beginPath",
  },
  {
    "args": [
      112.49517507300327,
      24.476436746589016,
      12.5,
      0,
      6.283185307179586,
    ],
    "kind": "method",
    "name": "arc",
  },
  {
    "args": [],
    "kind": "method",
    "name": "stroke",
  },
  {
    "args": [],
    "kind": "method",
    "name": "beginPath",
  },
  {
    "args": [
      112.49517507300327,
      24.476436746589016,
      0.8,
      0,
      6.283185307179586,
    ],
    "kind": "method",
    "name": "arc",
  },
  {
    "args": [],
    "kind": "method",
    "name": "stroke",
  },
  {
    "args": [],
    "kind": "method",
    "name": "beginPath",
  },
  {
    "args": [
      117.48530871514463,
      24.162484148942443,
      5,
      0,
      6.283185307179586,
    ],
    "kind": "method",
    "name": "arc",
  },
  {
    "args": [],
    "kind": "method",
    "name": "stroke",
  },
  {
    "args": [],
    "kind": "method",
    "name": "beginPath",
  },
  {
    "args": [
      117.48530871514463,
      24.162484148942443,
      0.6,
      0,
      6.283185307179586,
    ],
    "kind": "method",
    "name": "arc",
  },
  {
    "args": [],
    "kind": "method",
    "name": "stroke",
  },
  {
    "args": [
      0,
      0,
      100,
      100,
    ],
    "kind": "method",
    "name": "clearRect",
  },
  {
    "args": [],
    "kind": "method",
    "name": "beginPath",
  },
  {
    "args": [
      99.9980261050954,
      24.685849002916182,
      25,
      0,
      6.283185307179586,
    ],
    "kind": "method",
    "name": "arc",
  },
  {
    "args": [],
    "kind": "method",
    "name": "stroke",
  },
  {
    "args": [],
    "kind": "method",
    "name": "beginPath",
  },
  {
    "args": [
      99.9980261050954,
      24.685849002916182,
      1,
      0,
      6.283185307179586,
    ],
    "kind": "method",
    "name": "arc",
  },
  {
    "args": [],
    "kind": "method",
    "name": "stroke",
  },
  {
    "args": [],
    "kind": "method",
    "name": "beginPath",
  },
  {
    "args": [
      112.48914451310277,
      24.214721719542,
      12.5,
      0,
      6.283185307179586,
    ],
    "kind": "method",
    "name": "arc",
  },
  {
    "args": [],
    "kind": "method",
    "name": "stroke",
  },
  {
    "args": [],
    "kind": "method",
    "name": "beginPath",
  },
  {
    "args": [
      112.48914451310277,
      24.214721719542,
      0.8,
      0,
      6.283185307179586,
    ],
    "kind": "method",
    "name": "arc",
  },
  {
    "args": [],
    "kind": "method",
    "name": "stroke",
  },
  {
    "args": [],
    "kind": "method",
    "name": "beginPath",
  },
  {
    "args": [
      117.46695433611816,
      23.744180152949433,
      5,
      0,
      6.283185307179586,
    ],
    "kind": "method",
    "name": "arc",
  },
  {
    "args": [],
    "kind": "method",
    "name": "stroke",
  },
  {
    "args": [],
    "kind": "method",
    "name": "beginPath",
  },
  {
    "args": [
      117.46695433611816,
      23.744180152949433,
      0.6,
      0,
      6.283185307179586,
    ],
    "kind": "method",
    "name": "arc",
  },
  {
    "args": [],
    "kind": "method",
    "name": "stroke",
  },
]
`;

exports[`All production graphs > 'threeOrbits' runs without error 2`] = `
[
  {
    "args": [
      0,
      0,
      100,
      100,
    ],
    "kind": "method",
    "name": "clearRect",
  },
  {
    "args": [
      99.99978067577844,
      24.895280551114894,
      112.49879372832613,
      24.738205052572994,
    ],
    "kind": "method",
    "name": "createLinearGradient",
  },
  {
    "args": [
      0,
      "rgba(255, 0, 0, 0.5)",
    ],
    "kind": "method",
    "name": "gradient.addColorStop",
  },
  {
    "args": [
      1,
      "rgba(255, 255, 0, 0.5)",
    ],
    "kind": "method",
    "name": "gradient.addColorStop",
  },
  {
    "args": [],
    "kind": "method",
    "name": "beginPath",
  },
  {
    "args": [
      99.99978067577844,
      24.895280551114894,
    ],
    "kind": "method",
    "name": "moveTo",
  },
  {
    "args": [
      112.49879372832613,
      24.738205052572994,
    ],
    "kind": "method",
    "name": "lineTo",
  },
  {
    "args": [],
    "kind": "method",
    "name": "stroke",
  },
  {
    "args": [
      99.99978067577844,
      24.895280551114894,
      117.4963265301548,
      24.58115125718234,
    ],
    "kind": "method",
    "name": "createLinearGradient",
  },
  {
    "args": [
      0,
      "rgba(255, 0, 0, 0.5)",
    ],
    "kind": "method",
    "name": "gradient.addColorStop",
  },
  {
    "args": [
      1,
      "rgba(255, 0, 255, 0.5)",
    ],
    "kind": "method",
    "name": "gradient.addColorStop",
  },
  {
    "args": [],
    "kind": "method",
    "name": "beginPath",
  },
  {
    "args": [
      99.99978067577844,
      24.895280551114894,
    ],
    "kind": "method",
    "name": "moveTo",
  },
  {
    "args": [
      117.4963265301548,
      24.58115125718234,
    ],
    "kind": "method",
    "name": "lineTo",
  },
  {
    "args": [],
    "kind": "method",
    "name": "stroke",
  },
  {
    "args": [
      112.49879372832613,
      24.738205052572994,
      117.4963265301548,
      24.58115125718234,
    ],
    "kind": "method",
    "name": "createLinearGradient",
  },
  {
    "args": [
      0,
      "rgba(255, 255, 0, 0.5)",
    ],
    "kind": "method",
    "name": "gradient.addColorStop",
  },
  {
    "args": [
      1,
      "rgba(255, 0, 255, 0.5)",
    ],
    "kind": "method",
    "name": "gradient.addColorStop",
  },
  {
    "args": [],
    "kind": "method",
    "name": "beginPath",
  },
  {
    "args": [
      112.49879372832613,
      24.738205052572994,
    ],
    "kind": "method",
    "name": "moveTo",
  },
  {
    "args": [
      117.4963265301548,
      24.58115125718234,
    ],
    "kind": "method",
    "name": "lineTo",
  },
  {
    "args": [],
    "kind": "method",
    "name": "stroke",
  },
  {
    "args": [
      99.99912270696201,
      24.790562939630732,
      112.49517507300327,
      24.476436746589016,
    ],
    "kind": "method",
    "name": "createLinearGradient",
  },
  {
    "args": [
      0,
      "rgba(255, 0, 0, 0.5)",
    ],
    "kind": "method",
    "name": "gradient.addColorStop",
  },
  {
    "args": [
      1,
      "rgba(255, 255, 0, 0.5)",
    ],
    "kind": "method",
    "name": "gradient.addColorStop",
  },
  {
    "args": [],
    "kind": "method",
    "name": "beginPath",
  },
  {
    "args": [
      99.99912270696201,
      24.790562939630732,
    ],
    "kind": "method",
    "name": "moveTo",
  },
  {
    "args": [
      112.49517507300327,
      24.476436746589016,
    ],
    "kind": "method",
    "name": "lineTo",
  },
  {
    "args": [],
    "kind": "method",
    "name": "stroke",
  },
  {
    "args": [
      99.99912270696201,
      24.790562939630732,
      117.48530871514463,
      24.162484148942443,
    ],
    "kind": "method",
    "name": "createLinearGradient",
  },
  {
    "args": [
      0,
      "rgba(255, 0, 0, 0.5)",
    ],
    "kind": "method",
    "name": "gradient.addColorStop",
  },
  {
    "args": [
      1,
      "rgba(255, 0, 255, 0.5)",
    ],
    "kind": "method",
    "name": "gradient.addColorStop",
  },
  {
    "args": [],
    "kind": "method",
    "name": "beginPath",
  },
  {
    "args": [
      99.99912270696201,
      24.790562939630732,
    ],
    "kind": "method",
    "name": "moveTo",
  },
  {
    "args": [
      117.48530871514463,
      24.162484148942443,
    ],
    "kind": "method",
    "name": "lineTo",
  },
  {
    "args": [],
    "kind": "method",
    "name": "stroke",
  },
  {
    "args": [
      112.49517507300327,
      24.476436746589016,
      117.48530871514463,
      24.162484148942443,
    ],
    "kind": "method",
    "name": "createLinearGradient",
  },
  {
    "args": [
      0,
      "rgba(255, 255, 0, 0.5)",
    ],
    "kind": "method",
    "name": "gradient.addColorStop",
  },
  {
    "args": [
      1,
      "rgba(255, 0, 255, 0.5)",
    ],
    "kind": "method",
    "name": "gradient.addColorStop",
  },
  {
    "args": [],
    "kind": "method",
    "name": "beginPath",
  },
  {
    "args": [
      112.49517507300327,
      24.476436746589016,
    ],
    "kind": "method",
    "name": "moveTo",
  },
  {
    "args": [
      117.48530871514463,
      24.162484148942443,
    ],
    "kind": "method",
    "name": "lineTo",
  },
  {
    "args": [],
    "kind": "method",
    "name": "stroke",
  },
  {
    "args": [
      99.9980261050954,
      24.685849002916182,
      112.48914451310277,
      24.214721719542,
    ],
    "kind": "method",
    "name": "createLinearGradient",
  },
  {
    "args": [
      0,
      "rgba(255, 0, 0, 0.5)",
    ],
    "kind": "method",
    "name": "gradient.addColorStop",
  },
  {
    "args": [
      1,
      "rgba(255, 255, 0, 0.5)",
    ],
    "kind": "method",
    "name": "gradient.addColorStop",
  },
  {
    "args": [],
    "kind": "method",
    "name": "beginPath",
  },
  {
    "args": [
      99.9980261050954,
      24.685849002916182,
    ],
    "kind": "method",
    "name": "moveTo",
  },
  {
    "args": [
      112.48914451310277,
      24.214721719542,
    ],
    "kind": "method",
    "name": "lineTo",
  },
  {
    "args": [],
    "kind": "method",
    "name": "stroke",
  },
  {
    "args": [
      99.9980261050954,
      24.685849002916182,
      117.46695433611816,
      23.744180152949433,
    ],
    "kind": "method",
    "name": "createLinearGradient",
  },
  {
    "args": [
      0,
      "rgba(255, 0, 0, 0.5)",
    ],
    "kind": "method",
    "name": "gradient.addColorStop",
  },
  {
    "args": [
      1,
      "rgba(255, 0, 255, 0.5)",
    ],
    "kind": "method",
    "name": "gradient.addColorStop",
  },
  {
    "args": [],
    "kind": "method",
    "name": "beginPath",
  },
  {
    "args": [
      99.9980261050954,
      24.685849002916182,
    ],
    "kind": "method",
    "name": "moveTo",
  },
  {
    "args": [
      117.46695433611816,
      23.744180152949433,
    ],
    "kind": "method",
    "name": "lineTo",
  },
  {
    "args": [],
    "kind": "method",
    "name": "stroke",
  },
  {
    "args": [
      112.48914451310277,
      24.214721719542,
      117.46695433611816,
      23.744180152949433,
    ],
    "kind": "method",
    "name": "createLinearGradient",
  },
  {
    "args": [
      0,
      "rgba(255, 255, 0, 0.5)",
    ],
    "kind": "method",
    "name": "gradient.addColorStop",
  },
  {
    "args": [
      1,
      "rgba(255, 0, 255, 0.5)",
    ],
    "kind": "method",
    "name": "gradient.addColorStop",
  },
  {
    "args": [],
    "kind": "method",
    "name": "beginPath",
  },
  {
    "args": [
      112.48914451310277,
      24.214721719542,
    ],
    "kind": "method",
    "name": "moveTo",
  },
  {
    "args": [
      117.46695433611816,
      23.744180152949433,
    ],
    "kind": "method",
    "name": "lineTo",
  },
  {
    "args": [],
    "kind": "method",
    "name": "stroke",
  },
]
`;

exports[`All production graphs > 'wavingLines' runs without error 1`] = `
[
  {
    "args": [
      0,
      0,
      100,
      100,
    ],
    "kind": "method",
    "name": "clearRect",
  },
  {
    "args": [
      0,
      0,
      100,
      100,
    ],
    "kind": "method",
    "name": "clearRect",
  },
  {
    "args": [],
    "kind": "method",
    "name": "beginPath",
  },
  {
    "args": [
      33.999955586816725,
      24.97172571262709,
      0.75,
      0,
      6.283185307179586,
    ],
    "kind": "method",
    "name": "arc",
  },
  {
    "args": [],
    "kind": "method",
    "name": "stroke",
  },
  {
    "args": [],
    "kind": "method",
    "name": "beginPath",
  },
  {
    "args": [
      83.99987663022684,
      24.952876325517227,
      0.75,
      0,
      6.283185307179586,
    ],
    "kind": "method",
    "name": "arc",
  },
  {
    "args": [],
    "kind": "method",
    "name": "stroke",
  },
  {
    "args": [],
    "kind": "method",
    "name": "beginPath",
  },
  {
    "args": [
      33.999758195774945,
      74.93402714511485,
      0.75,
      0,
      6.283185307179586,
    ],
    "kind": "method",
    "name": "arc",
  },
  {
    "args": [],
    "kind": "method",
    "name": "stroke",
  },
  {
    "args": [],
    "kind": "method",
    "name": "beginPath",
  },
  {
    "args": [
      83.99992104328024,
      74.96230099840136,
      0.75,
      0,
      6.283185307179586,
    ],
    "kind": "method",
    "name": "arc",
  },
  {
    "args": [],
    "kind": "method",
    "name": "stroke",
  },
  {
    "args": [
      33.999955586816725,
      24.97172571262709,
      83.99987663022684,
      24.952876325517227,
    ],
    "kind": "method",
    "name": "createLinearGradient",
  },
  {
    "args": [
      0,
      "rgba(51, 153, 255, 0.7)",
    ],
    "kind": "method",
    "name": "gradient.addColorStop",
  },
  {
    "args": [
      1,
      "rgba(255, 76.5, 178.5, 0.7)",
    ],
    "kind": "method",
    "name": "gradient.addColorStop",
  },
  {
    "args": [],
    "kind": "method",
    "name": "beginPath",
  },
  {
    "args": [
      33.999955586816725,
      24.97172571262709,
    ],
    "kind": "method",
    "name": "moveTo",
  },
  {
    "args": [
      83.99987663022684,
      24.952876325517227,
    ],
    "kind": "method",
    "name": "lineTo",
  },
  {
    "args": [],
    "kind": "method",
    "name": "stroke",
  },
  {
    "args": [
      33.999758195774945,
      74.93402714511485,
      83.99992104328024,
      74.96230099840136,
    ],
    "kind": "method",
    "name": "createLinearGradient",
  },
  {
    "args": [
      0,
      "rgba(51, 153, 255, 0.7)",
    ],
    "kind": "method",
    "name": "gradient.addColorStop",
  },
  {
    "args": [
      1,
      "rgba(255, 76.5, 178.5, 0.7)",
    ],
    "kind": "method",
    "name": "gradient.addColorStop",
  },
  {
    "args": [],
    "kind": "method",
    "name": "beginPath",
  },
  {
    "args": [
      33.999758195774945,
      74.93402714511485,
    ],
    "kind": "method",
    "name": "moveTo",
  },
  {
    "args": [
      83.99992104328024,
      74.96230099840136,
    ],
    "kind": "method",
    "name": "lineTo",
  },
  {
    "args": [],
    "kind": "method",
    "name": "stroke",
  },
  {
    "args": [
      0,
      0,
      100,
      100,
    ],
    "kind": "method",
    "name": "clearRect",
  },
  {
    "args": [],
    "kind": "method",
    "name": "beginPath",
  },
  {
    "args": [
      33.99982234770523,
      24.94345170430997,
      0.75,
      0,
      6.283185307179586,
    ],
    "kind": "method",
    "name": "arc",
  },
  {
    "args": [],
    "kind": "method",
    "name": "stroke",
  },
  {
    "args": [],
    "kind": "method",
    "name": "beginPath",
  },
  {
    "args": [
      83.9995065242896,
      24.90575394295379,
      0.75,
      0,
      6.283185307179586,
    ],
    "kind": "method",
    "name": "arc",
  },
  {
    "args": [],
    "kind": "method",
    "name": "stroke",
  },
  {
    "args": [],
    "kind": "method",
    "name": "beginPath",
  },
  {
    "args": [
      33.999032796092955,
      74.86805783523305,
      0.75,
      0,
      6.283185307179586,
    ],
    "kind": "method",
    "name": "arc",
  },
  {
    "args": [],
    "kind": "method",
    "name": "stroke",
  },
  {
    "args": [],
    "kind": "method",
    "name": "beginPath",
  },
  {
    "args": [
      83.99968417450633,
      74.92460265826706,
      0.75,
      0,
      6.283185307179586,
    ],
    "kind": "method",
    "name": "arc",
  },
  {
    "args": [],
    "kind": "method",
    "name": "stroke",
  },
  {
    "args": [
      33.99982234770523,
      24.94345170430997,
      83.9995065242896,
      24.90575394295379,
    ],
    "kind": "method",
    "name": "createLinearGradient",
  },
  {
    "args": [
      0,
      "rgba(51, 153, 255, 0.7)",
    ],
    "kind": "method",
    "name": "gradient.addColorStop",
  },
  {
    "args": [
      1,
      "rgba(255, 76.5, 178.5, 0.7)",
    ],
    "kind": "method",
    "name": "gradient.addColorStop",
  },
  {
    "args": [],
    "kind": "method",
    "name": "beginPath",
  },
  {
    "args": [
      33.99982234770523,
      24.94345170430997,
    ],
    "kind": "method",
    "name": "moveTo",
  },
  {
    "args": [
      83.9995065242896,
      24.90575394295379,
    ],
    "kind": "method",
    "name": "lineTo",
  },
  {
    "args": [],
    "kind": "method",
    "name": "stroke",
  },
  {
    "args": [
      33.999032796092955,
      74.86805783523305,
      83.99968417450633,
      74.92460265826706,
    ],
    "kind": "method",
    "name": "createLinearGradient",
  },
  {
    "args": [
      0,
      "rgba(51, 153, 255, 0.7)",
    ],
    "kind": "method",
    "name": "gradient.addColorStop",
  },
  {
    "args": [
      1,
      "rgba(255, 76.5, 178.5, 0.7)",
    ],
    "kind": "method",
    "name": "gradient.addColorStop",
  },
  {
    "args": [],
    "kind": "method",
    "name": "beginPath",
  },
  {
    "args": [
      33.999032796092955,
      74.86805783523305,
    ],
    "kind": "method",
    "name": "moveTo",
  },
  {
    "args": [
      83.99968417450633,
      74.92460265826706,
    ],
    "kind": "method",
    "name": "lineTo",
  },
  {
    "args": [],
    "kind": "method",
    "name": "stroke",
  },
  {
    "args": [
      0,
      0,
      100,
      100,
    ],
    "kind": "method",
    "name": "clearRect",
  },
  {
    "args": [],
    "kind": "method",
    "name": "beginPath",
  },
  {
    "args": [
      33.99960028398055,
      24.9151782541017,
      0.75,
      0,
      6.283185307179586,
    ],
    "kind": "method",
    "name": "arc",
  },
  {
    "args": [],
    "kind": "method",
    "name": "stroke",
  },
  {
    "args": [],
    "kind": "method",
    "name": "beginPath",
  },
  {
    "args": [
      83.99888969233494,
      24.858634144193616,
      0.75,
      0,
      6.283185307179586,
    ],
    "kind": "method",
    "name": "arc",
  },
  {
    "args": [],
    "kind": "method",
    "name": "stroke",
  },
  {
    "args": [],
    "kind": "method",
    "name": "beginPath",
  },
  {
    "args": [
      33.997823839932856,
      74.80209561516745,
      0.75,
      0,
      6.283185307179586,
    ],
    "kind": "method",
    "name": "arc",
  },
  {
    "args": [],
    "kind": "method",
    "name": "stroke",
  },
  {
    "args": [],
    "kind": "method",
    "name": "beginPath",
  },
  {
    "args": [
      83.99928939783435,
      74.88690564104982,
      0.75,
      0,
      6.283185307179586,
    ],
    "kind": "method",
    "name": "arc",
  },
  {
    "args": [],
    "kind": "method",
    "name": "stroke",
  },
  {
    "args": [
      33.99960028398055,
      24.9151782541017,
      83.99888969233494,
      24.858634144193616,
    ],
    "kind": "method",
    "name": "createLinearGradient",
  },
  {
    "args": [
      0,
      "rgba(51, 153, 255, 0.7)",
    ],
    "kind": "method",
    "name": "gradient.addColorStop",
  },
  {
    "args": [
      1,
      "rgba(255, 76.5, 178.5, 0.7)",
    ],
    "kind": "method",
    "name": "gradient.addColorStop",
  },
  {
    "args": [],
    "kind": "method",
    "name": "beginPath",
  },
  {
    "args": [
      33.99960028398055,
      24.9151782541017,
    ],
    "kind": "method",
    "name": "moveTo",
  },
  {
    "args": [
      83.99888969233494,
      24.858634144193616,
    ],
    "kind": "method",
    "name": "lineTo",
  },
  {
    "args": [],
    "kind": "method",
    "name": "stroke",
  },
  {
    "args": [
      33.997823839932856,
      74.80209561516745,
      83.99928939783435,
      74.88690564104982,
    ],
    "kind": "method",
    "name": "createLinearGradient",
  },
  {
    "args": [
      0,
      "rgba(51, 153, 255, 0.7)",
    ],
    "kind": "method",
    "name": "gradient.addColorStop",
  },
  {
    "args": [
      1,
      "rgba(255, 76.5, 178.5, 0.7)",
    ],
    "kind": "method",
    "name": "gradient.addColorStop",
  },
  {
    "args": [],
    "kind": "method",
    "name": "beginPath",
  },
  {
    "args": [
      33.997823839932856,
      74.80209561516745,
    ],
    "kind": "method",
    "name": "moveTo",
  },
  {
    "args": [
      83.99928939783435,
      74.88690564104982,
    ],
    "kind": "method",
    "name": "lineTo",
  },
  {
    "args": [],
    "kind": "method",
    "name": "stroke",
  },
]
`;

exports[`All production graphs > 'wavingLines' runs without error 2`] = `
[
  {
    "args": [
      0,
      0,
      100,
      100,
    ],
    "kind": "method",
    "name": "clearRect",
  },
  {
    "args": [
      NaN,
      NaN,
      NaN,
      NaN,
    ],
    "kind": "method",
    "name": "createLinearGradient",
  },
  {
    "args": [
      0,
      "rgba(NaN, NaN, NaN, undefined)",
    ],
    "kind": "method",
    "name": "gradient.addColorStop",
  },
  {
    "args": [
      1,
      "rgba(NaN, NaN, NaN, undefined)",
    ],
    "kind": "method",
    "name": "gradient.addColorStop",
  },
  {
    "args": [],
    "kind": "method",
    "name": "beginPath",
  },
  {
    "args": [
      NaN,
      NaN,
    ],
    "kind": "method",
    "name": "moveTo",
  },
  {
    "args": [
      NaN,
      NaN,
    ],
    "kind": "method",
    "name": "lineTo",
  },
  {
    "args": [],
    "kind": "method",
    "name": "stroke",
  },
  {
    "args": [
      NaN,
      NaN,
      NaN,
      NaN,
    ],
    "kind": "method",
    "name": "createLinearGradient",
  },
  {
    "args": [
      0,
      "rgba(NaN, NaN, NaN, undefined)",
    ],
    "kind": "method",
    "name": "gradient.addColorStop",
  },
  {
    "args": [
      1,
      "rgba(NaN, NaN, NaN, undefined)",
    ],
    "kind": "method",
    "name": "gradient.addColorStop",
  },
  {
    "args": [],
    "kind": "method",
    "name": "beginPath",
  },
  {
    "args": [
      NaN,
      NaN,
    ],
    "kind": "method",
    "name": "moveTo",
  },
  {
    "args": [
      NaN,
      NaN,
    ],
    "kind": "method",
    "name": "lineTo",
  },
  {
    "args": [],
    "kind": "method",
    "name": "stroke",
  },
  {
    "args": [
      NaN,
      NaN,
      NaN,
      NaN,
    ],
    "kind": "method",
    "name": "createLinearGradient",
  },
  {
    "args": [
      0,
      "rgba(NaN, NaN, NaN, undefined)",
    ],
    "kind": "method",
    "name": "gradient.addColorStop",
  },
  {
    "args": [
      1,
      "rgba(NaN, NaN, NaN, undefined)",
    ],
    "kind": "method",
    "name": "gradient.addColorStop",
  },
  {
    "args": [],
    "kind": "method",
    "name": "beginPath",
  },
  {
    "args": [
      NaN,
      NaN,
    ],
    "kind": "method",
    "name": "moveTo",
  },
  {
    "args": [
      NaN,
      NaN,
    ],
    "kind": "method",
    "name": "lineTo",
  },
  {
    "args": [],
    "kind": "method",
    "name": "stroke",
  },
  {
    "args": [
      NaN,
      NaN,
      NaN,
      NaN,
    ],
    "kind": "method",
    "name": "createLinearGradient",
  },
  {
    "args": [
      0,
      "rgba(NaN, NaN, NaN, undefined)",
    ],
    "kind": "method",
    "name": "gradient.addColorStop",
  },
  {
    "args": [
      1,
      "rgba(NaN, NaN, NaN, undefined)",
    ],
    "kind": "method",
    "name": "gradient.addColorStop",
  },
  {
    "args": [],
    "kind": "method",
    "name": "beginPath",
  },
  {
    "args": [
      NaN,
      NaN,
    ],
    "kind": "method",
    "name": "moveTo",
  },
  {
    "args": [
      NaN,
      NaN,
    ],
    "kind": "method",
    "name": "lineTo",
  },
  {
    "args": [],
    "kind": "method",
    "name": "stroke",
  },
  {
    "args": [
      NaN,
      NaN,
      NaN,
      NaN,
    ],
    "kind": "method",
    "name": "createLinearGradient",
  },
  {
    "args": [
      0,
      "rgba(NaN, NaN, NaN, undefined)",
    ],
    "kind": "method",
    "name": "gradient.addColorStop",
  },
  {
    "args": [
      1,
      "rgba(NaN, NaN, NaN, undefined)",
    ],
    "kind": "method",
    "name": "gradient.addColorStop",
  },
  {
    "args": [],
    "kind": "method",
    "name": "beginPath",
  },
  {
    "args": [
      NaN,
      NaN,
    ],
    "kind": "method",
    "name": "moveTo",
  },
  {
    "args": [
      NaN,
      NaN,
    ],
    "kind": "method",
    "name": "lineTo",
  },
  {
    "args": [],
    "kind": "method",
    "name": "stroke",
  },
  {
    "args": [
      NaN,
      NaN,
      NaN,
      NaN,
    ],
    "kind": "method",
    "name": "createLinearGradient",
  },
  {
    "args": [
      0,
      "rgba(NaN, NaN, NaN, undefined)",
    ],
    "kind": "method",
    "name": "gradient.addColorStop",
  },
  {
    "args": [
      1,
      "rgba(NaN, NaN, NaN, undefined)",
    ],
    "kind": "method",
    "name": "gradient.addColorStop",
  },
  {
    "args": [],
    "kind": "method",
    "name": "beginPath",
  },
  {
    "args": [
      NaN,
      NaN,
    ],
    "kind": "method",
    "name": "moveTo",
  },
  {
    "args": [
      NaN,
      NaN,
    ],
    "kind": "method",
    "name": "lineTo",
  },
  {
    "args": [],
    "kind": "method",
    "name": "stroke",
  },
  {
    "args": [
      NaN,
      NaN,
      NaN,
      NaN,
    ],
    "kind": "method",
    "name": "createLinearGradient",
  },
  {
    "args": [
      0,
      "rgba(NaN, NaN, NaN, undefined)",
    ],
    "kind": "method",
    "name": "gradient.addColorStop",
  },
  {
    "args": [
      1,
      "rgba(NaN, NaN, NaN, undefined)",
    ],
    "kind": "method",
    "name": "gradient.addColorStop",
  },
  {
    "args": [],
    "kind": "method",
    "name": "beginPath",
  },
  {
    "args": [
      NaN,
      NaN,
    ],
    "kind": "method",
    "name": "moveTo",
  },
  {
    "args": [
      NaN,
      NaN,
    ],
    "kind": "method",
    "name": "lineTo",
  },
  {
    "args": [],
    "kind": "method",
    "name": "stroke",
  },
  {
    "args": [
      NaN,
      NaN,
      NaN,
      NaN,
    ],
    "kind": "method",
    "name": "createLinearGradient",
  },
  {
    "args": [
      0,
      "rgba(NaN, NaN, NaN, undefined)",
    ],
    "kind": "method",
    "name": "gradient.addColorStop",
  },
  {
    "args": [
      1,
      "rgba(NaN, NaN, NaN, undefined)",
    ],
    "kind": "method",
    "name": "gradient.addColorStop",
  },
  {
    "args": [],
    "kind": "method",
    "name": "beginPath",
  },
  {
    "args": [
      NaN,
      NaN,
    ],
    "kind": "method",
    "name": "moveTo",
  },
  {
    "args": [
      NaN,
      NaN,
    ],
    "kind": "method",
    "name": "lineTo",
  },
  {
    "args": [],
    "kind": "method",
    "name": "stroke",
  },
]
`;
